rustc 1.98.0 (88d9e12ae 2026-08-18)
binary: rustc
commit-hash: 88d9e12ae178fab0fb5cc050a94da85685d449ea
commit-date: 2026-08-18
host: x86_64-pc-windows-msvc
release: 1.98.0
LLVM version: 22.1.8
    Finished `dev` profile [unoptimized + debuginfo] target(s) in 0.01s
   Compiling weave v0.1.0 (D:\projects\weave)
    Finished `test` profile [unoptimized + debuginfo] target(s) in 4.32s
     Running unittests src\lib.rs (target\debug\deps\weave-5e2b781637550508.exe)

running 24 tests
test builder::tests::planned_transitions_preserve_names_and_allow_replacement ... ok
test builder::tests::count_transitions_preserve_names_and_allow_replacement ... ok
test layout::tests::one_per_logical_cpu_creates_contiguous_worker_indices ... ok
test layout::tests::one_per_logical_cpu_preserves_cpu_order_and_hardware_relations ... ok
test layout::tests::one_per_physical_core_creates_contiguous_worker_indices ... ok
test layout::tests::one_per_logical_cpu_keeps_smt_siblings_as_distinct_workers ... ok
test layout::tests::one_per_physical_core_selects_the_first_cpu_of_each_core ... ok
test layout::tests::one_per_physical_core_distinguishes_equal_core_numbers_across_packages ... ok
test pool::scheduler_tests::circular_plan_wraps_and_records_unknown_topology ... ok
test pool::scheduler_tests::local_lifo_and_global_fifo_precede_stealing_at_equal_priority ... ok
test pool::scheduler_tests::priority_precedes_queue_locality_and_victim_proximity ... ok
test pool::scheduler_tests::takes_sibling_then_local_node_then_remote_and_counts_only_transfers ... ok
test pool::startup_tests::accepts_all_confirmations_even_after_senders_are_dropped ... ok
test pool::startup_tests::propagates_affinity_failure_after_an_earlier_success ... ok
test pool::startup_tests::rejects_disconnection_when_a_confirmation_is_missing ... ok
test steal::tests::circular_starts_after_each_worker_and_wraps_around ... ok
test scope::failure_tests::rejected_scoped_submission_settles_ticket_and_drains_accepted_borrows ... ok
test steal::tests::empty_and_single_worker_plans_have_no_victims ... ok
test scope::failure_tests::panicking_capture_destructor_still_drains_scope ... ok
test steal::tests::topology_aware_prioritizes_core_then_numa_then_remote_workers ... ok
test scope::failure_tests::caught_publication_failure_allows_more_scoped_work ... ok
test steal::tests::topology_aware_lists_every_other_worker_exactly_once ... ok
test topology::tests::counts_distinguish_smt_cores_and_packages ... ok
test scope::failure_tests::rejected_join_drops_borrowed_branch_without_running_right ... ok

test result: ok. 24 passed; 0 failed; 0 ignored; 0 measured; 0 filtered out; finished in 0.00s

     Running tests\affinity.rs (target\debug\deps\affinity-80c0bf34751ea3c9.exe)

running 0 tests

test result: ok. 0 passed; 0 failed; 0 ignored; 0 measured; 0 filtered out; finished in 0.00s

     Running tests\build_errors.rs (target\debug\deps\build_errors-ab506cc9c46e678a.exe)

running 3 tests
test affinity_errors_without_a_cause_describe_the_failure ... ok
test build_error_preserves_an_affinity_failure_without_an_os_cause ... ok
test build_error_preserves_worker_context_and_the_full_cause_chain ... ok

test result: ok. 3 passed; 0 failed; 0 ignored; 0 measured; 0 filtered out; finished in 0.00s

     Running tests\iterator_terminals.rs (target\debug\deps\iterator_terminals-a81a4e628b4752fd.exe)

running 12 tests
test find_first_keeps_searching_left_when_right_finishes_first ... ok
test searches_cancel_remaining_work_inside_a_pool ... ok
test enumerated_searches_stop_upstream_callbacks ... ok
test extrema_preserve_tie_semantics_without_clone ... ok
test count_evaluates_and_drops_owned_items ... ok
test extend_appends_owned_values_in_order_and_preserves_empty_destination ... ok
test searches_stop_upstream_callbacks_on_a_sequential_source ... ok
test searches_move_non_sync_values_and_return_borrowed_items ... ok
test terminal_panics_propagate_and_pool_recovers ... ok
test sum_supports_a_distinct_non_clone_accumulator ... ok
test aggregates_match_sequential_at_split_boundaries ... ok
test searches_handle_filtered_order_empty_and_missing_matches ... ok

test result: ok. 12 passed; 0 failed; 0 ignored; 0 measured; 0 filtered out; finished in 0.05s

     Running tests\iterators.rs (target\debug\deps\iterators-183eec12949663e4.exe)

running 15 tests
test empty_reversed_and_large_offset_ranges ... ok
test fill_rejects_mismatch_before_running_mapper ... ok
test filter_can_accept_every_element ... ok
test filter_can_reject_every_element ... ok
test filter_handles_empty_source ... ok
test enumerate_matches_the_sequential_iterator ... ok
test filter_supports_a_predicate_capturing_a_non_copy_value ... ok
test filter_map ... ok
test map_is_lazy_and_supports_non_clone_items ... ok
test fold_clones_only_at_splits_and_ordered_collection_is_stable ... ok
test iterator_panics_propagate_and_pool_remains_usable ... ok
test parallel_filter_same_as_sequential ... ok
test chunks_keep_the_tail_and_split_in_chunk_units ... ok
test slices_borrow_mutably_and_preserve_order ... ok
test operations_match_sequential_results_at_split_boundaries ... ok

test result: ok. 15 passed; 0 failed; 0 ignored; 0 measured; 0 filtered out; finished in 0.13s

     Running tests\miri_core.rs (target\debug\deps\miri_core-fb73337df11996c0.exe)

running 4 tests
test scoped_borrows_descendants_panics_and_detached_handle ... ok
test parallel_mutable_slices_and_ordered_search ... ok
test abandoned_handle_and_panic_release_owned_captures ... ok
test nested_cross_pool_and_worker_local_borrows ... ok

test result: ok. 4 passed; 0 failed; 0 ignored; 0 measured; 0 filtered out; finished in 0.01s

     Running tests\pool.rs (target\debug\deps\pool-e1f3d39ffd6d1c3b.exe)

running 17 tests
test handles_report_results_panics_and_detach ... ok
test concurrent_producers_execute_every_job_exactly_once ... ok
test nested_submit_join_and_install_work_on_one_worker ... ok
test every_worker_has_a_distinct_local_slot ... ok
test builder_options_are_independent_and_zero_is_rejected ... ok
test join_waits_for_borrowed_branch_when_other_panics ... ok
test pool_can_be_dropped_by_its_last_worker_owner ... ok
test priorities_select_queued_work_without_preemption ... ok
test scope_catches_panicking_result_destructors_without_hanging ... ok
test scoped_submission_panics_are_observed_or_propagated ... ok
test scope_borrows_returns_values_and_waits_for_descendants ... ok
test idle_workers_wake_and_drop_drains_all_jobs ... ok
test workers_really_steal_locally_spawned_jobs ... ok
test worker_local_reports_poison_and_recovers_owned_values ... ok
test scope_waits_on_body_panic_and_propagates_task_panic ... ok
test worker_local_is_pool_bound_and_detects_recursive_access ... ok
test cross_pool_install_preserves_original_worker_context ... ok

test result: ok. 17 passed; 0 failed; 0 ignored; 0 measured; 0 filtered out; finished in 0.05s

     Running tests\safety_stress.rs (target\debug\deps\safety_stress-8d7b628be0168b47.exe)

running 8 tests
test worker_owned_shutdown_drains_children_and_releases_captures ... ok
test floating_reduction_can_differ_from_sequential_grouping ... ok
test ordered_results_and_search_do_not_promise_callback_order ... ok
test sustained_high_priority_starves_lower_queues_until_stream_stops ... ok
test panicking_scope_drains_descendants_and_releases_captures ... ok
test closures_and_results_drop_once_on_success_panic_and_detach ... ok
test seeded_external_wake_idle_and_shutdown_stress ... ok
test external_producers_nest_across_single_worker_pools ... ok

test result: ok. 8 passed; 0 failed; 0 ignored; 0 measured; 0 filtered out; finished in 0.60s

     Running unittests examples\layout.rs (target\debug\examples\layout-7e097ab68461c822.exe)

running 0 tests

test result: ok. 0 passed; 0 failed; 0 ignored; 0 measured; 0 filtered out; finished in 0.00s

     Running unittests examples\topology.rs (target\debug\examples\topology-a40bb70902bd227d.exe)

running 0 tests

test result: ok. 0 passed; 0 failed; 0 ignored; 0 measured; 0 filtered out; finished in 0.00s

     Running unittests examples\tour.rs (target\debug\examples\tour-e10651f3e780e0ec.exe)

running 0 tests

test result: ok. 0 passed; 0 failed; 0 ignored; 0 measured; 0 filtered out; finished in 0.00s

   Compiling weave v0.1.0 (D:\projects\weave)
    Finished `test` profile [unoptimized + debuginfo] target(s) in 7.52s
     Running unittests src\lib.rs (target\debug\deps\weave-b943034f794f621a.exe)

running 25 tests
test builder::tests::count_transitions_preserve_names_and_allow_replacement ... ok
test layout::tests::one_per_logical_cpu_keeps_smt_siblings_as_distinct_workers ... ok
test layout::tests::one_per_physical_core_creates_contiguous_worker_indices ... ok
test layout::tests::one_per_physical_core_distinguishes_equal_core_numbers_across_packages ... ok
test builder::tests::planned_transitions_preserve_names_and_allow_replacement ... ok
test layout::tests::one_per_logical_cpu_creates_contiguous_worker_indices ... ok
test layout::tests::one_per_physical_core_selects_the_first_cpu_of_each_core ... ok
test layout::tests::one_per_logical_cpu_preserves_cpu_order_and_hardware_relations ... ok
test pool::scheduler_tests::circular_plan_wraps_and_records_unknown_topology ... ok
test pool::scheduler_tests::priority_precedes_queue_locality_and_victim_proximity ... ok
test pool::metrics_tests::diagnostic_counts_include_submission_and_execution ... ok
test pool::scheduler_tests::local_lifo_and_global_fifo_precede_stealing_at_equal_priority ... ok
test pool::scheduler_tests::takes_sibling_then_local_node_then_remote_and_counts_only_transfers ... ok
test pool::startup_tests::accepts_all_confirmations_even_after_senders_are_dropped ... ok
test pool::startup_tests::propagates_affinity_failure_after_an_earlier_success ... ok
test pool::startup_tests::rejects_disconnection_when_a_confirmation_is_missing ... ok
test steal::tests::circular_starts_after_each_worker_and_wraps_around ... ok
test steal::tests::topology_aware_lists_every_other_worker_exactly_once ... ok
test steal::tests::topology_aware_prioritizes_core_then_numa_then_remote_workers ... ok
test scope::failure_tests::caught_publication_failure_allows_more_scoped_work ... ok
test steal::tests::empty_and_single_worker_plans_have_no_victims ... ok
test scope::failure_tests::rejected_scoped_submission_settles_ticket_and_drains_accepted_borrows ... ok
test scope::failure_tests::rejected_join_drops_borrowed_branch_without_running_right ... ok
test scope::failure_tests::panicking_capture_destructor_still_drains_scope ... ok
test topology::tests::counts_distinguish_smt_cores_and_packages ... ok

test result: ok. 25 passed; 0 failed; 0 ignored; 0 measured; 0 filtered out; finished in 0.01s

     Running tests\affinity.rs (target\debug\deps\affinity-b9da8f0f1d8b0cc0.exe)

running 0 tests

test result: ok. 0 passed; 0 failed; 0 ignored; 0 measured; 0 filtered out; finished in 0.00s

     Running tests\build_errors.rs (target\debug\deps\build_errors-879adc4c8eb62750.exe)

running 3 tests
test build_error_preserves_an_affinity_failure_without_an_os_cause ... ok
test affinity_errors_without_a_cause_describe_the_failure ... ok
test build_error_preserves_worker_context_and_the_full_cause_chain ... ok

test result: ok. 3 passed; 0 failed; 0 ignored; 0 measured; 0 filtered out; finished in 0.00s

     Running tests\iterator_terminals.rs (target\debug\deps\iterator_terminals-107c1e4baf2dac2a.exe)

running 12 tests
test searches_cancel_remaining_work_inside_a_pool ... ok
test find_first_keeps_searching_left_when_right_finishes_first ... ok
test extrema_preserve_tie_semantics_without_clone ... ok
test enumerated_searches_stop_upstream_callbacks ... ok
test count_evaluates_and_drops_owned_items ... ok
test searches_stop_upstream_callbacks_on_a_sequential_source ... ok
test searches_move_non_sync_values_and_return_borrowed_items ... ok
test sum_supports_a_distinct_non_clone_accumulator ... ok
test aggregates_match_sequential_at_split_boundaries ... ok
test terminal_panics_propagate_and_pool_recovers ... ok
test extend_appends_owned_values_in_order_and_preserves_empty_destination ... ok
test searches_handle_filtered_order_empty_and_missing_matches ... ok

test result: ok. 12 passed; 0 failed; 0 ignored; 0 measured; 0 filtered out; finished in 0.02s

     Running tests\iterators.rs (target\debug\deps\iterators-c806aa2170e77f3f.exe)

running 15 tests
test empty_reversed_and_large_offset_ranges ... ok
test filter_can_reject_every_element ... ok
test fill_rejects_mismatch_before_running_mapper ... ok
test filter_handles_empty_source ... ok
test filter_supports_a_predicate_capturing_a_non_copy_value ... ok
test enumerate_matches_the_sequential_iterator ... ok
test filter_can_accept_every_element ... ok
test filter_map ... ok
test chunks_keep_the_tail_and_split_in_chunk_units ... ok
test iterator_panics_propagate_and_pool_remains_usable ... ok
test parallel_filter_same_as_sequential ... ok
test fold_clones_only_at_splits_and_ordered_collection_is_stable ... ok
test map_is_lazy_and_supports_non_clone_items ... ok
test slices_borrow_mutably_and_preserve_order ... ok
test operations_match_sequential_results_at_split_boundaries ... ok

test result: ok. 15 passed; 0 failed; 0 ignored; 0 measured; 0 filtered out; finished in 0.08s

     Running tests\miri_core.rs (target\debug\deps\miri_core-f642290f41a304f5.exe)

running 4 tests
test parallel_mutable_slices_and_ordered_search ... ok
test scoped_borrows_descendants_panics_and_detached_handle ... ok
test abandoned_handle_and_panic_release_owned_captures ... ok
test nested_cross_pool_and_worker_local_borrows ... ok

test result: ok. 4 passed; 0 failed; 0 ignored; 0 measured; 0 filtered out; finished in 0.00s

     Running tests\pool.rs (target\debug\deps\pool-7268f652d1f41b20.exe)

running 17 tests
test handles_report_results_panics_and_detach ... ok
test every_worker_has_a_distinct_local_slot ... ok
test nested_submit_join_and_install_work_on_one_worker ... ok
test builder_options_are_independent_and_zero_is_rejected ... ok
test cross_pool_install_preserves_original_worker_context ... ok
test pool_can_be_dropped_by_its_last_worker_owner ... ok
test scope_borrows_returns_values_and_waits_for_descendants ... ok
test priorities_select_queued_work_without_preemption ... ok
test scope_catches_panicking_result_destructors_without_hanging ... ok
test scoped_submission_panics_are_observed_or_propagated ... ok
test concurrent_producers_execute_every_job_exactly_once ... ok
test worker_local_reports_poison_and_recovers_owned_values ... ok
test workers_really_steal_locally_spawned_jobs ... ok
test worker_local_is_pool_bound_and_detects_recursive_access ... ok
test join_waits_for_borrowed_branch_when_other_panics ... ok
test scope_waits_on_body_panic_and_propagates_task_panic ... ok
test idle_workers_wake_and_drop_drains_all_jobs ... ok

test result: ok. 17 passed; 0 failed; 0 ignored; 0 measured; 0 filtered out; finished in 0.02s

     Running tests\safety_stress.rs (target\debug\deps\safety_stress-58087497835eaebf.exe)

running 8 tests
test ordered_results_and_search_do_not_promise_callback_order ... ok
test floating_reduction_can_differ_from_sequential_grouping ... ok
test sustained_high_priority_starves_lower_queues_until_stream_stops ... ok
test panicking_scope_drains_descendants_and_releases_captures ... ok
test closures_and_results_drop_once_on_success_panic_and_detach ... ok
test worker_owned_shutdown_drains_children_and_releases_captures ... ok
test seeded_external_wake_idle_and_shutdown_stress ... ok
test external_producers_nest_across_single_worker_pools ... ok

test result: ok. 8 passed; 0 failed; 0 ignored; 0 measured; 0 filtered out; finished in 0.57s

     Running unittests examples\layout.rs (target\debug\examples\layout-209a78f870cc2e42.exe)

running 0 tests

test result: ok. 0 passed; 0 failed; 0 ignored; 0 measured; 0 filtered out; finished in 0.00s

     Running unittests examples\topology.rs (target\debug\examples\topology-060873f3bcefd5d1.exe)

running 0 tests

test result: ok. 0 passed; 0 failed; 0 ignored; 0 measured; 0 filtered out; finished in 0.00s

     Running unittests examples\tour.rs (target\debug\examples\tour-41e9745470d02ac1.exe)

running 0 tests

test result: ok. 0 passed; 0 failed; 0 ignored; 0 measured; 0 filtered out; finished in 0.00s

    Finished `test` profile [unoptimized + debuginfo] target(s) in 0.01s
   Doc-tests weave

running 1 test
test src\lib.rs - topology (line 40) - compile ... ok

test result: ok. 1 passed; 0 failed; 0 ignored; 0 measured; 0 filtered out; finished in 0.00s


running 6 tests
test src\builder.rs - builder::ThreadPoolBuilder (line 21) - compile fail ... ok
test src\builder.rs - builder::ThreadPoolBuilder (line 33) - compile fail ... ok
test src\builder.rs - builder::ThreadPoolBuilder (line 27) - compile fail ... ok
test src\scope.rs - scope::Scope (line 73) - compile fail ... ok
test src\scope.rs - scope::Scope (line 54) - compile fail ... ok
test src\scope.rs - scope::Scope (line 63) - compile fail ... ok

test result: ok. 6 passed; 0 failed; 0 ignored; 0 measured; 0 filtered out; finished in 0.09s

all doctests ran in 0.47s; merged doctests compilation took 0.33s
 Documenting weave v0.1.0 (D:\projects\weave)
    Finished `dev` profile [unoptimized + debuginfo] target(s) in 3.74s
   Generated D:\projects\weave\target\doc\weave\index.html
   Compiling weave v0.1.0 (D:\projects\weave)
    Finished `release` profile [optimized] target(s) in 5.10s
     Running tests\safety_stress.rs (target\release\deps\safety_stress-6ed7c30b9a883faf.exe)

running 8 tests
test worker_owned_shutdown_drains_children_and_releases_captures ... ok
test floating_reduction_can_differ_from_sequential_grouping ... ok
test ordered_results_and_search_do_not_promise_callback_order ... ok
test sustained_high_priority_starves_lower_queues_until_stream_stops ... ok
test closures_and_results_drop_once_on_success_panic_and_detach ... ok
test panicking_scope_drains_descendants_and_releases_captures ... ok
test external_producers_nest_across_single_worker_pools ... ok
test seeded_external_wake_idle_and_shutdown_stress ... ok

test result: ok. 8 passed; 0 failed; 0 ignored; 0 measured; 0 filtered out; finished in 1.23s

   Compiling weave v0.1.0 (D:\projects\weave)
    Finished `release` profile [optimized] target(s) in 3.26s
     Running unittests src\lib.rs (target\release\deps\weave-c3252a1d4f4ad3f9.exe)

running 24 tests
test builder::tests::count_transitions_preserve_names_and_allow_replacement ... ok
test builder::tests::planned_transitions_preserve_names_and_allow_replacement ... ok
test layout::tests::one_per_logical_cpu_creates_contiguous_worker_indices ... ok
test layout::tests::one_per_logical_cpu_keeps_smt_siblings_as_distinct_workers ... ok
test layout::tests::one_per_physical_core_selects_the_first_cpu_of_each_core ... ok
test layout::tests::one_per_physical_core_distinguishes_equal_core_numbers_across_packages ... ok
test layout::tests::one_per_physical_core_creates_contiguous_worker_indices ... ok
test layout::tests::one_per_logical_cpu_preserves_cpu_order_and_hardware_relations ... ok
test pool::scheduler_tests::circular_plan_wraps_and_records_unknown_topology ... ok
test pool::scheduler_tests::local_lifo_and_global_fifo_precede_stealing_at_equal_priority ... ok
test pool::scheduler_tests::priority_precedes_queue_locality_and_victim_proximity ... ok
test pool::scheduler_tests::takes_sibling_then_local_node_then_remote_and_counts_only_transfers ... ok
test pool::startup_tests::accepts_all_confirmations_even_after_senders_are_dropped ... ok
test pool::startup_tests::propagates_affinity_failure_after_an_earlier_success ... ok
test pool::startup_tests::rejects_disconnection_when_a_confirmation_is_missing ... ok
test steal::tests::circular_starts_after_each_worker_and_wraps_around ... ok
test scope::failure_tests::rejected_join_drops_borrowed_branch_without_running_right ... ok
test scope::failure_tests::caught_publication_failure_allows_more_scoped_work ... ok
test scope::failure_tests::panicking_capture_destructor_still_drains_scope ... ok
test steal::tests::empty_and_single_worker_plans_have_no_victims ... ok
test steal::tests::topology_aware_lists_every_other_worker_exactly_once ... ok
test scope::failure_tests::rejected_scoped_submission_settles_ticket_and_drains_accepted_borrows ... ok
test steal::tests::topology_aware_prioritizes_core_then_numa_then_remote_workers ... ok
test topology::tests::counts_distinguish_smt_cores_and_packages ... ok

test result: ok. 24 passed; 0 failed; 0 ignored; 0 measured; 0 filtered out; finished in 0.00s

     Running tests\affinity.rs (target\release\deps\affinity-c4a0ae49763a9959.exe)

running 0 tests

test result: ok. 0 passed; 0 failed; 0 ignored; 0 measured; 0 filtered out; finished in 0.00s

     Running tests\build_errors.rs (target\release\deps\build_errors-891f74b0e7d442cd.exe)

running 3 tests
test affinity_errors_without_a_cause_describe_the_failure ... ok
test build_error_preserves_an_affinity_failure_without_an_os_cause ... ok
test build_error_preserves_worker_context_and_the_full_cause_chain ... ok

test result: ok. 3 passed; 0 failed; 0 ignored; 0 measured; 0 filtered out; finished in 0.00s

     Running tests\iterator_terminals.rs (target\release\deps\iterator_terminals-150b19b8c478b26b.exe)

running 12 tests
test enumerated_searches_stop_upstream_callbacks ... ok
test searches_cancel_remaining_work_inside_a_pool ... ok
test extend_appends_owned_values_in_order_and_preserves_empty_destination ... ok
test count_evaluates_and_drops_owned_items ... ok
test find_first_keeps_searching_left_when_right_finishes_first ... ok
test extrema_preserve_tie_semantics_without_clone ... ok
test searches_stop_upstream_callbacks_on_a_sequential_source ... ok
test searches_move_non_sync_values_and_return_borrowed_items ... ok
test sum_supports_a_distinct_non_clone_accumulator ... ok
test terminal_panics_propagate_and_pool_recovers ... ok
test aggregates_match_sequential_at_split_boundaries ... ok
test searches_handle_filtered_order_empty_and_missing_matches ... ok

test result: ok. 12 passed; 0 failed; 0 ignored; 0 measured; 0 filtered out; finished in 0.06s

     Running tests\iterators.rs (target\release\deps\iterators-c9fad4f0752f6f05.exe)

running 15 tests
test empty_reversed_and_large_offset_ranges ... ok
test fill_rejects_mismatch_before_running_mapper ... ok
test filter_can_reject_every_element ... ok
test filter_handles_empty_source ... ok
test filter_can_accept_every_element ... ok
test filter_supports_a_predicate_capturing_a_non_copy_value ... ok
test enumerate_matches_the_sequential_iterator ... ok
test map_is_lazy_and_supports_non_clone_items ... ok
test iterator_panics_propagate_and_pool_remains_usable ... ok
test parallel_filter_same_as_sequential ... ok
test filter_map ... ok
test fold_clones_only_at_splits_and_ordered_collection_is_stable ... ok
test slices_borrow_mutably_and_preserve_order ... ok
test chunks_keep_the_tail_and_split_in_chunk_units ... ok
test operations_match_sequential_results_at_split_boundaries ... ok

test result: ok. 15 passed; 0 failed; 0 ignored; 0 measured; 0 filtered out; finished in 0.05s

     Running tests\miri_core.rs (target\release\deps\miri_core-f2c2a382cde6bc73.exe)

running 4 tests
test abandoned_handle_and_panic_release_owned_captures ... ok
test parallel_mutable_slices_and_ordered_search ... ok
test scoped_borrows_descendants_panics_and_detached_handle ... ok
test nested_cross_pool_and_worker_local_borrows ... ok

test result: ok. 4 passed; 0 failed; 0 ignored; 0 measured; 0 filtered out; finished in 0.00s

     Running tests\pool.rs (target\release\deps\pool-f4c5a0f865f76ed9.exe)

running 17 tests
test handles_report_results_panics_and_detach ... ok
test nested_submit_join_and_install_work_on_one_worker ... ok
test every_worker_has_a_distinct_local_slot ... ok
test concurrent_producers_execute_every_job_exactly_once ... ok
test builder_options_are_independent_and_zero_is_rejected ... ok
test pool_can_be_dropped_by_its_last_worker_owner ... ok
test priorities_select_queued_work_without_preemption ... ok
test scope_borrows_returns_values_and_waits_for_descendants ... ok
test scope_catches_panicking_result_destructors_without_hanging ... ok
test scoped_submission_panics_are_observed_or_propagated ... ok
test cross_pool_install_preserves_original_worker_context ... ok
test worker_local_is_pool_bound_and_detects_recursive_access ... ok
test worker_local_reports_poison_and_recovers_owned_values ... ok
test workers_really_steal_locally_spawned_jobs ... ok
test join_waits_for_borrowed_branch_when_other_panics ... ok
test scope_waits_on_body_panic_and_propagates_task_panic ... ok
test idle_workers_wake_and_drop_drains_all_jobs ... ok

test result: ok. 17 passed; 0 failed; 0 ignored; 0 measured; 0 filtered out; finished in 0.02s

     Running tests\safety_stress.rs (target\release\deps\safety_stress-6ed7c30b9a883faf.exe)

running 8 tests
test ordered_results_and_search_do_not_promise_callback_order ... ok
test floating_reduction_can_differ_from_sequential_grouping ... ok
test sustained_high_priority_starves_lower_queues_until_stream_stops ... ok
test worker_owned_shutdown_drains_children_and_releases_captures ... ok
test panicking_scope_drains_descendants_and_releases_captures ... ok
test closures_and_results_drop_once_on_success_panic_and_detach ... ok
test seeded_external_wake_idle_and_shutdown_stress ... ok
test external_producers_nest_across_single_worker_pools ... ok

test result: ok. 8 passed; 0 failed; 0 ignored; 0 measured; 0 filtered out; finished in 0.47s

   Doc-tests weave

running 1 test
test src\lib.rs - topology (line 40) - compile ... ok

test result: ok. 1 passed; 0 failed; 0 ignored; 0 measured; 0 filtered out; finished in 0.00s


running 6 tests
test src\builder.rs - builder::ThreadPoolBuilder (line 21) - compile fail ... ok
test src\scope.rs - scope::Scope (line 63) - compile fail ... ok
test src\builder.rs - builder::ThreadPoolBuilder (line 33) - compile fail ... ok
test src\scope.rs - scope::Scope (line 73) - compile fail ... ok
test src\scope.rs - scope::Scope (line 54) - compile fail ... ok
test src\builder.rs - builder::ThreadPoolBuilder (line 27) - compile fail ... ok

test result: ok. 6 passed; 0 failed; 0 ignored; 0 measured; 0 filtered out; finished in 0.09s

all doctests ran in 0.40s; merged doctests compilation took 0.26s
   Compiling weave v0.1.0 (D:\projects\weave)
    Finished `dev` profile [unoptimized + debuginfo] target(s) in 0.44s
     Running `target\debug\examples\tour.exe`
Tâche autonome exécutée
Deux branches : 20 + 22 = 42
10 000 valeurs doublées, somme : 99990000
Répartition par worker : [3750, 3125, 0, 3125]
Tâches volées : 27
